// Jest Snapshot v1, https://goo.gl/fbAQLP

exports[`CreateInvoice Page render should render and match with snapshot 1`] = `
<div>
  <section
    class="base:mb-10 md:mb-7.5 w-full md:flex md:justify-between md:items-center"
  >
    <h1
      aria-level="1"
      class="font-bold font-dm-sans text-blue-800 dark:text-white text-5xl w-full base:mb-8 md:mb-0"
    >
      Create New Invoice
    </h1>
  </section>
  <div
    class="m-[0_auto] p-[30px] w-full max-w-[700px] flex flex-col gap-[30px_0]"
  >
    <div
      class="grid grid-cols-1 gap-[20px_0] sm:grid-cols-2 sm:gap-[0_30px] sm:mt-[30px]"
    >
      <div
        class="flex flex-col gap-[8px_0] sm:max-w-[335px]"
      >
        <div
          class="group relative overflow-hidden bg-content3 dark:bg-content2 pointer-events-none before:opacity-100 before:absolute before:inset-0 before:-translate-x-full before:animate-[shimmer_2s_infinite] before:border-t before:border-content4/30 before:bg-gradient-to-r before:from-transparent before:via-content4 dark:before:via-default-700/10 before:to-transparent after:opacity-100 after:absolute after:inset-0 after:-z-10 after:bg-content3 dark:after:bg-content2 data-[loaded=true]:pointer-events-auto data-[loaded=true]:overflow-visible data-[loaded=true]:!bg-transparent data-[loaded=true]:before:opacity-0 data-[loaded=true]:before:animate-none data-[loaded=true]:after:opacity-0 transition-background !duration-300 before:transition-opacity before:!duration-300 max-w-[72px] h-[20px] rounded-[6px]"
        >
          <div
            class="opacity-0 group-data-[loaded=true]:opacity-100 transition-opacity motion-reduce:transition-none !duration-300"
          />
        </div>
        <div
          class="group relative overflow-hidden bg-content3 dark:bg-content2 pointer-events-none before:opacity-100 before:absolute before:inset-0 before:-translate-x-full before:animate-[shimmer_2s_infinite] before:border-t before:border-content4/30 before:bg-gradient-to-r before:from-transparent before:via-content4 dark:before:via-default-700/10 before:to-transparent after:opacity-100 after:absolute after:inset-0 after:-z-10 after:bg-content3 dark:after:bg-content2 data-[loaded=true]:pointer-events-auto data-[loaded=true]:overflow-visible data-[loaded=true]:!bg-transparent data-[loaded=true]:before:opacity-0 data-[loaded=true]:before:animate-none data-[loaded=true]:after:opacity-0 transition-background !duration-300 before:transition-opacity before:!duration-300 w-full h-[50px] rounded-[10px]"
        >
          <div
            class="opacity-0 group-data-[loaded=true]:opacity-100 transition-opacity motion-reduce:transition-none !duration-300"
          />
        </div>
      </div>
      <div
        class="flex flex-col gap-[8px_0] sm:max-w-[335px]"
      >
        <div
          class="group relative overflow-hidden bg-content3 dark:bg-content2 pointer-events-none before:opacity-100 before:absolute before:inset-0 before:-translate-x-full before:animate-[shimmer_2s_infinite] before:border-t before:border-content4/30 before:bg-gradient-to-r before:from-transparent before:via-content4 dark:before:via-default-700/10 before:to-transparent after:opacity-100 after:absolute after:inset-0 after:-z-10 after:bg-content3 dark:after:bg-content2 data-[loaded=true]:pointer-events-auto data-[loaded=true]:overflow-visible data-[loaded=true]:!bg-transparent data-[loaded=true]:before:opacity-0 data-[loaded=true]:before:animate-none data-[loaded=true]:after:opacity-0 transition-background !duration-300 before:transition-opacity before:!duration-300 max-w-[72px] h-[20px] rounded-[6px]"
        >
          <div
            class="opacity-0 group-data-[loaded=true]:opacity-100 transition-opacity motion-reduce:transition-none !duration-300"
          />
        </div>
        <div
          class="group relative overflow-hidden bg-content3 dark:bg-content2 pointer-events-none before:opacity-100 before:absolute before:inset-0 before:-translate-x-full before:animate-[shimmer_2s_infinite] before:border-t before:border-content4/30 before:bg-gradient-to-r before:from-transparent before:via-content4 dark:before:via-default-700/10 before:to-transparent after:opacity-100 after:absolute after:inset-0 after:-z-10 after:bg-content3 dark:after:bg-content2 data-[loaded=true]:pointer-events-auto data-[loaded=true]:overflow-visible data-[loaded=true]:!bg-transparent data-[loaded=true]:before:opacity-0 data-[loaded=true]:before:animate-none data-[loaded=true]:after:opacity-0 transition-background !duration-300 before:transition-opacity before:!duration-300 w-full h-[50px] rounded-[10px]"
        >
          <div
            class="opacity-0 group-data-[loaded=true]:opacity-100 transition-opacity motion-reduce:transition-none !duration-300"
          />
        </div>
      </div>
    </div>
    <div
      class="grid grid-cols-1 gap-[20px_0] sm:grid-cols-2 sm:gap-[0_30px]"
    >
      <div
        class="flex flex-col gap-[8px_0] sm:max-w-[335px]"
      >
        <div
          class="group relative overflow-hidden bg-content3 dark:bg-content2 pointer-events-none before:opacity-100 before:absolute before:inset-0 before:-translate-x-full before:animate-[shimmer_2s_infinite] before:border-t before:border-content4/30 before:bg-gradient-to-r before:from-transparent before:via-content4 dark:before:via-default-700/10 before:to-transparent after:opacity-100 after:absolute after:inset-0 after:-z-10 after:bg-content3 dark:after:bg-content2 data-[loaded=true]:pointer-events-auto data-[loaded=true]:overflow-visible data-[loaded=true]:!bg-transparent data-[loaded=true]:before:opacity-0 data-[loaded=true]:before:animate-none data-[loaded=true]:after:opacity-0 transition-background !duration-300 before:transition-opacity before:!duration-300 max-w-[72px] h-[20px] rounded-[6px]"
        >
          <div
            class="opacity-0 group-data-[loaded=true]:opacity-100 transition-opacity motion-reduce:transition-none !duration-300"
          />
        </div>
        <div
          class="group relative overflow-hidden bg-content3 dark:bg-content2 pointer-events-none before:opacity-100 before:absolute before:inset-0 before:-translate-x-full before:animate-[shimmer_2s_infinite] before:border-t before:border-content4/30 before:bg-gradient-to-r before:from-transparent before:via-content4 dark:before:via-default-700/10 before:to-transparent after:opacity-100 after:absolute after:inset-0 after:-z-10 after:bg-content3 dark:after:bg-content2 data-[loaded=true]:pointer-events-auto data-[loaded=true]:overflow-visible data-[loaded=true]:!bg-transparent data-[loaded=true]:before:opacity-0 data-[loaded=true]:before:animate-none data-[loaded=true]:after:opacity-0 transition-background !duration-300 before:transition-opacity before:!duration-300 w-full h-[50px] rounded-[10px]"
        >
          <div
            class="opacity-0 group-data-[loaded=true]:opacity-100 transition-opacity motion-reduce:transition-none !duration-300"
          />
        </div>
      </div>
      <div
        class="flex flex-col gap-[8px_0] sm:max-w-[335px]"
      >
        <div
          class="group relative overflow-hidden bg-content3 dark:bg-content2 pointer-events-none before:opacity-100 before:absolute before:inset-0 before:-translate-x-full before:animate-[shimmer_2s_infinite] before:border-t before:border-content4/30 before:bg-gradient-to-r before:from-transparent before:via-content4 dark:before:via-default-700/10 before:to-transparent after:opacity-100 after:absolute after:inset-0 after:-z-10 after:bg-content3 dark:after:bg-content2 data-[loaded=true]:pointer-events-auto data-[loaded=true]:overflow-visible data-[loaded=true]:!bg-transparent data-[loaded=true]:before:opacity-0 data-[loaded=true]:before:animate-none data-[loaded=true]:after:opacity-0 transition-background !duration-300 before:transition-opacity before:!duration-300 max-w-[72px] h-[20px] rounded-[6px]"
        >
          <div
            class="opacity-0 group-data-[loaded=true]:opacity-100 transition-opacity motion-reduce:transition-none !duration-300"
          />
        </div>
        <div
          class="group relative overflow-hidden bg-content3 dark:bg-content2 pointer-events-none before:opacity-100 before:absolute before:inset-0 before:-translate-x-full before:animate-[shimmer_2s_infinite] before:border-t before:border-content4/30 before:bg-gradient-to-r before:from-transparent before:via-content4 dark:before:via-default-700/10 before:to-transparent after:opacity-100 after:absolute after:inset-0 after:-z-10 after:bg-content3 dark:after:bg-content2 data-[loaded=true]:pointer-events-auto data-[loaded=true]:overflow-visible data-[loaded=true]:!bg-transparent data-[loaded=true]:before:opacity-0 data-[loaded=true]:before:animate-none data-[loaded=true]:after:opacity-0 transition-background !duration-300 before:transition-opacity before:!duration-300 w-full h-[50px] rounded-[10px]"
        >
          <div
            class="opacity-0 group-data-[loaded=true]:opacity-100 transition-opacity motion-reduce:transition-none !duration-300"
          />
        </div>
      </div>
    </div>
    <div
      class="grid grid-cols-1 gap-[20px_0] sm:grid-cols-2 sm:gap-[0_30px]"
    >
      <div
        class="flex flex-col gap-[8px_0] sm:max-w-[335px]"
      >
        <div
          class="group relative overflow-hidden bg-content3 dark:bg-content2 pointer-events-none before:opacity-100 before:absolute before:inset-0 before:-translate-x-full before:animate-[shimmer_2s_infinite] before:border-t before:border-content4/30 before:bg-gradient-to-r before:from-transparent before:via-content4 dark:before:via-default-700/10 before:to-transparent after:opacity-100 after:absolute after:inset-0 after:-z-10 after:bg-content3 dark:after:bg-content2 data-[loaded=true]:pointer-events-auto data-[loaded=true]:overflow-visible data-[loaded=true]:!bg-transparent data-[loaded=true]:before:opacity-0 data-[loaded=true]:before:animate-none data-[loaded=true]:after:opacity-0 transition-background !duration-300 before:transition-opacity before:!duration-300 max-w-[72px] h-[20px] rounded-[6px]"
        >
          <div
            class="opacity-0 group-data-[loaded=true]:opacity-100 transition-opacity motion-reduce:transition-none !duration-300"
          />
        </div>
        <div
          class="group relative overflow-hidden bg-content3 dark:bg-content2 pointer-events-none before:opacity-100 before:absolute before:inset-0 before:-translate-x-full before:animate-[shimmer_2s_infinite] before:border-t before:border-content4/30 before:bg-gradient-to-r before:from-transparent before:via-content4 dark:before:via-default-700/10 before:to-transparent after:opacity-100 after:absolute after:inset-0 after:-z-10 after:bg-content3 dark:after:bg-content2 data-[loaded=true]:pointer-events-auto data-[loaded=true]:overflow-visible data-[loaded=true]:!bg-transparent data-[loaded=true]:before:opacity-0 data-[loaded=true]:before:animate-none data-[loaded=true]:after:opacity-0 transition-background !duration-300 before:transition-opacity before:!duration-300 w-full h-[50px] rounded-[10px]"
        >
          <div
            class="opacity-0 group-data-[loaded=true]:opacity-100 transition-opacity motion-reduce:transition-none !duration-300"
          />
        </div>
      </div>
      <div
        class="flex flex-col gap-[8px_0] sm:max-w-[335px]"
      >
        <div
          class="group relative overflow-hidden bg-content3 dark:bg-content2 pointer-events-none before:opacity-100 before:absolute before:inset-0 before:-translate-x-full before:animate-[shimmer_2s_infinite] before:border-t before:border-content4/30 before:bg-gradient-to-r before:from-transparent before:via-content4 dark:before:via-default-700/10 before:to-transparent after:opacity-100 after:absolute after:inset-0 after:-z-10 after:bg-content3 dark:after:bg-content2 data-[loaded=true]:pointer-events-auto data-[loaded=true]:overflow-visible data-[loaded=true]:!bg-transparent data-[loaded=true]:before:opacity-0 data-[loaded=true]:before:animate-none data-[loaded=true]:after:opacity-0 transition-background !duration-300 before:transition-opacity before:!duration-300 max-w-[72px] h-[20px] rounded-[6px]"
        >
          <div
            class="opacity-0 group-data-[loaded=true]:opacity-100 transition-opacity motion-reduce:transition-none !duration-300"
          />
        </div>
        <div
          class="group relative overflow-hidden bg-content3 dark:bg-content2 pointer-events-none before:opacity-100 before:absolute before:inset-0 before:-translate-x-full before:animate-[shimmer_2s_infinite] before:border-t before:border-content4/30 before:bg-gradient-to-r before:from-transparent before:via-content4 dark:before:via-default-700/10 before:to-transparent after:opacity-100 after:absolute after:inset-0 after:-z-10 after:bg-content3 dark:after:bg-content2 data-[loaded=true]:pointer-events-auto data-[loaded=true]:overflow-visible data-[loaded=true]:!bg-transparent data-[loaded=true]:before:opacity-0 data-[loaded=true]:before:animate-none data-[loaded=true]:after:opacity-0 transition-background !duration-300 before:transition-opacity before:!duration-300 w-full h-[50px] rounded-[10px]"
        >
          <div
            class="opacity-0 group-data-[loaded=true]:opacity-100 transition-opacity motion-reduce:transition-none !duration-300"
          />
        </div>
      </div>
    </div>
    <div
      class="w-full"
    >
      <div
        class="w-full flex justify-between items-center"
      >
        <div
          class="group relative overflow-hidden bg-content3 dark:bg-content2 pointer-events-none before:opacity-100 before:absolute before:inset-0 before:-translate-x-full before:animate-[shimmer_2s_infinite] before:border-t before:border-content4/30 before:bg-gradient-to-r before:from-transparent before:via-content4 dark:before:via-default-700/10 before:to-transparent after:opacity-100 after:absolute after:inset-0 after:-z-10 after:bg-content3 dark:after:bg-content2 data-[loaded=true]:pointer-events-auto data-[loaded=true]:overflow-visible data-[loaded=true]:!bg-transparent data-[loaded=true]:before:opacity-0 data-[loaded=true]:before:animate-none data-[loaded=true]:after:opacity-0 transition-background !duration-300 before:transition-opacity before:!duration-300 w-[152px] h-[20px] rounded-5"
        >
          <div
            class="opacity-0 group-data-[loaded=true]:opacity-100 transition-opacity motion-reduce:transition-none !duration-300"
          />
        </div>
        <div
          class="group relative overflow-hidden bg-content3 dark:bg-content2 pointer-events-none before:opacity-100 before:absolute before:inset-0 before:-translate-x-full before:animate-[shimmer_2s_infinite] before:border-t before:border-content4/30 before:bg-gradient-to-r before:from-transparent before:via-content4 dark:before:via-default-700/10 before:to-transparent after:opacity-100 after:absolute after:inset-0 after:-z-10 after:bg-content3 dark:after:bg-content2 data-[loaded=true]:pointer-events-auto data-[loaded=true]:overflow-visible data-[loaded=true]:!bg-transparent data-[loaded=true]:before:opacity-0 data-[loaded=true]:before:animate-none data-[loaded=true]:after:opacity-0 transition-background !duration-300 before:transition-opacity before:!duration-300 w-[30px] h-[30px] rounded-5"
        >
          <div
            class="opacity-0 group-data-[loaded=true]:opacity-100 transition-opacity motion-reduce:transition-none !duration-300"
          />
        </div>
      </div>
      <div
        class="base:hidden sm:flex justify-between gap-[0_10px] w-full h-fit overflow-x-auto p-[10px_30px] mt-[20px]"
      >
        <div
          class="flex flex-col gap-[20px_0]"
        >
          <div
            class="group relative overflow-hidden bg-content3 dark:bg-content2 pointer-events-none before:opacity-100 before:absolute before:inset-0 before:-translate-x-full before:animate-[shimmer_2s_infinite] before:border-t before:border-content4/30 before:bg-gradient-to-r before:from-transparent before:via-content4 dark:before:via-default-700/10 before:to-transparent after:opacity-100 after:absolute after:inset-0 after:-z-10 after:bg-content3 dark:after:bg-content2 data-[loaded=true]:pointer-events-auto data-[loaded=true]:overflow-visible data-[loaded=true]:!bg-transparent data-[loaded=true]:before:opacity-0 data-[loaded=true]:before:animate-none data-[loaded=true]:after:opacity-0 transition-background !duration-300 before:transition-opacity before:!duration-300 w-[100px] h-[20px] rounded-5"
          >
            <div
              class="opacity-0 group-data-[loaded=true]:opacity-100 transition-opacity motion-reduce:transition-none !duration-300"
            />
          </div>
          <div
            class="group relative overflow-hidden bg-content3 dark:bg-content2 pointer-events-none before:opacity-100 before:absolute before:inset-0 before:-translate-x-full before:animate-[shimmer_2s_infinite] before:border-t before:border-content4/30 before:bg-gradient-to-r before:from-transparent before:via-content4 dark:before:via-default-700/10 before:to-transparent after:opacity-100 after:absolute after:inset-0 after:-z-10 after:bg-content3 dark:after:bg-content2 data-[loaded=true]:pointer-events-auto data-[loaded=true]:overflow-visible data-[loaded=true]:!bg-transparent data-[loaded=true]:before:opacity-0 data-[loaded=true]:before:animate-none data-[loaded=true]:after:opacity-0 transition-background !duration-300 before:transition-opacity before:!duration-300 w-[100px] h-[20px] rounded-5"
          >
            <div
              class="opacity-0 group-data-[loaded=true]:opacity-100 transition-opacity motion-reduce:transition-none !duration-300"
            />
          </div>
        </div>
        <div
          class="flex flex-col gap-[20px_0]"
        >
          <div
            class="group relative overflow-hidden bg-content3 dark:bg-content2 pointer-events-none before:opacity-100 before:absolute before:inset-0 before:-translate-x-full before:animate-[shimmer_2s_infinite] before:border-t before:border-content4/30 before:bg-gradient-to-r before:from-transparent before:via-content4 dark:before:via-default-700/10 before:to-transparent after:opacity-100 after:absolute after:inset-0 after:-z-10 after:bg-content3 dark:after:bg-content2 data-[loaded=true]:pointer-events-auto data-[loaded=true]:overflow-visible data-[loaded=true]:!bg-transparent data-[loaded=true]:before:opacity-0 data-[loaded=true]:before:animate-none data-[loaded=true]:after:opacity-0 transition-background !duration-300 before:transition-opacity before:!duration-300 w-[100px] h-[20px] rounded-5"
          >
            <div
              class="opacity-0 group-data-[loaded=true]:opacity-100 transition-opacity motion-reduce:transition-none !duration-300"
            />
          </div>
          <div
            class="group relative overflow-hidden bg-content3 dark:bg-content2 pointer-events-none before:opacity-100 before:absolute before:inset-0 before:-translate-x-full before:animate-[shimmer_2s_infinite] before:border-t before:border-content4/30 before:bg-gradient-to-r before:from-transparent before:via-content4 dark:before:via-default-700/10 before:to-transparent after:opacity-100 after:absolute after:inset-0 after:-z-10 after:bg-content3 dark:after:bg-content2 data-[loaded=true]:pointer-events-auto data-[loaded=true]:overflow-visible data-[loaded=true]:!bg-transparent data-[loaded=true]:before:opacity-0 data-[loaded=true]:before:animate-none data-[loaded=true]:after:opacity-0 transition-background !duration-300 before:transition-opacity before:!duration-300 w-[100px] h-[20px] rounded-5"
          >
            <div
              class="opacity-0 group-data-[loaded=true]:opacity-100 transition-opacity motion-reduce:transition-none !duration-300"
            />
          </div>
        </div>
        <div
          class="flex flex-col gap-[20px_0]"
        >
          <div
            class="group relative overflow-hidden bg-content3 dark:bg-content2 pointer-events-none before:opacity-100 before:absolute before:inset-0 before:-translate-x-full before:animate-[shimmer_2s_infinite] before:border-t before:border-content4/30 before:bg-gradient-to-r before:from-transparent before:via-content4 dark:before:via-default-700/10 before:to-transparent after:opacity-100 after:absolute after:inset-0 after:-z-10 after:bg-content3 dark:after:bg-content2 data-[loaded=true]:pointer-events-auto data-[loaded=true]:overflow-visible data-[loaded=true]:!bg-transparent data-[loaded=true]:before:opacity-0 data-[loaded=true]:before:animate-none data-[loaded=true]:after:opacity-0 transition-background !duration-300 before:transition-opacity before:!duration-300 w-[100px] h-[20px] rounded-5"
          >
            <div
              class="opacity-0 group-data-[loaded=true]:opacity-100 transition-opacity motion-reduce:transition-none !duration-300"
            />
          </div>
          <div
            class="group relative overflow-hidden bg-content3 dark:bg-content2 pointer-events-none before:opacity-100 before:absolute before:inset-0 before:-translate-x-full before:animate-[shimmer_2s_infinite] before:border-t before:border-content4/30 before:bg-gradient-to-r before:from-transparent before:via-content4 dark:before:via-default-700/10 before:to-transparent after:opacity-100 after:absolute after:inset-0 after:-z-10 after:bg-content3 dark:after:bg-content2 data-[loaded=true]:pointer-events-auto data-[loaded=true]:overflow-visible data-[loaded=true]:!bg-transparent data-[loaded=true]:before:opacity-0 data-[loaded=true]:before:animate-none data-[loaded=true]:after:opacity-0 transition-background !duration-300 before:transition-opacity before:!duration-300 w-[100px] h-[20px] rounded-5"
          >
            <div
              class="opacity-0 group-data-[loaded=true]:opacity-100 transition-opacity motion-reduce:transition-none !duration-300"
            />
          </div>
        </div>
        <div
          class="flex flex-col gap-[20px_0]"
        >
          <div
            class="group relative overflow-hidden bg-content3 dark:bg-content2 pointer-events-none before:opacity-100 before:absolute before:inset-0 before:-translate-x-full before:animate-[shimmer_2s_infinite] before:border-t before:border-content4/30 before:bg-gradient-to-r before:from-transparent before:via-content4 dark:before:via-default-700/10 before:to-transparent after:opacity-100 after:absolute after:inset-0 after:-z-10 after:bg-content3 dark:after:bg-content2 data-[loaded=true]:pointer-events-auto data-[loaded=true]:overflow-visible data-[loaded=true]:!bg-transparent data-[loaded=true]:before:opacity-0 data-[loaded=true]:before:animate-none data-[loaded=true]:after:opacity-0 transition-background !duration-300 before:transition-opacity before:!duration-300 w-[100px] h-[20px] rounded-5"
          >
            <div
              class="opacity-0 group-data-[loaded=true]:opacity-100 transition-opacity motion-reduce:transition-none !duration-300"
            />
          </div>
          <div
            class="group relative overflow-hidden bg-content3 dark:bg-content2 pointer-events-none before:opacity-100 before:absolute before:inset-0 before:-translate-x-full before:animate-[shimmer_2s_infinite] before:border-t before:border-content4/30 before:bg-gradient-to-r before:from-transparent before:via-content4 dark:before:via-default-700/10 before:to-transparent after:opacity-100 after:absolute after:inset-0 after:-z-10 after:bg-content3 dark:after:bg-content2 data-[loaded=true]:pointer-events-auto data-[loaded=true]:overflow-visible data-[loaded=true]:!bg-transparent data-[loaded=true]:before:opacity-0 data-[loaded=true]:before:animate-none data-[loaded=true]:after:opacity-0 transition-background !duration-300 before:transition-opacity before:!duration-300 w-[100px] h-[20px] rounded-5"
          >
            <div
              class="opacity-0 group-data-[loaded=true]:opacity-100 transition-opacity motion-reduce:transition-none !duration-300"
            />
          </div>
        </div>
        <div
          class="group relative overflow-hidden bg-content3 dark:bg-content2 pointer-events-none before:opacity-100 before:absolute before:inset-0 before:-translate-x-full before:animate-[shimmer_2s_infinite] before:border-t before:border-content4/30 before:bg-gradient-to-r before:from-transparent before:via-content4 dark:before:via-default-700/10 before:to-transparent after:opacity-100 after:absolute after:inset-0 after:-z-10 after:bg-content3 dark:after:bg-content2 data-[loaded=true]:pointer-events-auto data-[loaded=true]:overflow-visible data-[loaded=true]:!bg-transparent data-[loaded=true]:before:opacity-0 data-[loaded=true]:before:animate-none data-[loaded=true]:after:opacity-0 transition-background !duration-300 before:transition-opacity before:!duration-300 -mb-[2px] w-[25px] h-[25px] rounded-full self-end"
        >
          <div
            class="opacity-0 group-data-[loaded=true]:opacity-100 transition-opacity motion-reduce:transition-none !duration-300"
          />
        </div>
      </div>
      <div
        class="group relative overflow-hidden bg-content3 dark:bg-content2 pointer-events-none before:opacity-100 before:absolute before:inset-0 before:-translate-x-full before:animate-[shimmer_2s_infinite] before:border-t before:border-content4/30 before:bg-gradient-to-r before:from-transparent before:via-content4 dark:before:via-default-700/10 before:to-transparent after:opacity-100 after:absolute after:inset-0 after:-z-10 after:bg-content3 dark:after:bg-content2 data-[loaded=true]:pointer-events-auto data-[loaded=true]:overflow-visible data-[loaded=true]:!bg-transparent data-[loaded=true]:before:opacity-0 data-[loaded=true]:before:animate-none data-[loaded=true]:after:opacity-0 transition-background !duration-300 before:transition-opacity before:!duration-300 mt-[20px] base:block sm:hidden w-full h-[100px] rounded-10"
      >
        <div
          class="opacity-0 group-data-[loaded=true]:opacity-100 transition-opacity motion-reduce:transition-none !duration-300"
        />
      </div>
    </div>
    <div
      class="flex flex-col sm:flex-row base:gap-[20px_0] sm:gap-[0_30px]"
    >
      <div
        class="group relative overflow-hidden bg-content3 dark:bg-content2 pointer-events-none before:opacity-100 before:absolute before:inset-0 before:-translate-x-full before:animate-[shimmer_2s_infinite] before:border-t before:border-content4/30 before:bg-gradient-to-r before:from-transparent before:via-content4 dark:before:via-default-700/10 before:to-transparent after:opacity-100 after:absolute after:inset-0 after:-z-10 after:bg-content3 dark:after:bg-content2 data-[loaded=true]:pointer-events-auto data-[loaded=true]:overflow-visible data-[loaded=true]:!bg-transparent data-[loaded=true]:before:opacity-0 data-[loaded=true]:before:animate-none data-[loaded=true]:after:opacity-0 transition-background !duration-300 before:transition-opacity before:!duration-300 w-full h-[50px] rounded-[10px]"
      >
        <div
          class="opacity-0 group-data-[loaded=true]:opacity-100 transition-opacity motion-reduce:transition-none !duration-300"
        />
      </div>
      <div
        class="group relative overflow-hidden bg-content3 dark:bg-content2 pointer-events-none before:opacity-100 before:absolute before:inset-0 before:-translate-x-full before:animate-[shimmer_2s_infinite] before:border-t before:border-content4/30 before:bg-gradient-to-r before:from-transparent before:via-content4 dark:before:via-default-700/10 before:to-transparent after:opacity-100 after:absolute after:inset-0 after:-z-10 after:bg-content3 dark:after:bg-content2 data-[loaded=true]:pointer-events-auto data-[loaded=true]:overflow-visible data-[loaded=true]:!bg-transparent data-[loaded=true]:before:opacity-0 data-[loaded=true]:before:animate-none data-[loaded=true]:after:opacity-0 transition-background !duration-300 before:transition-opacity before:!duration-300 w-full h-[50px] rounded-[10px]"
      >
        <div
          class="opacity-0 group-data-[loaded=true]:opacity-100 transition-opacity motion-reduce:transition-none !duration-300"
        />
      </div>
    </div>
  </div>
</div>
`;
