// Jest Snapshot v1, https://goo.gl/fbAQLP

exports[`Customer List component should render all content with resolved data and match snapshot 1`] = `
<div>
  <div
    class="flex flex-col gap-10"
  >
    <div
      class="flex-col relative gap-4 w-full grid"
    >
      <div
        class="z-0 flex flex-col relative justify-between gap-4 bg-content1 overflow-auto rounded-large w-full p-0 shadow-none dark:bg-gray-400"
      >
        <table
          aria-describedby=""
          aria-label="Table"
          class="min-w-full h-auto table-auto w-full border-separate border-spacing-x-0 border-spacing-y-[10px] bg-gray-50 dark:bg-gray-600"
          id="react-aria-:r0:"
          role="grid"
          tabindex="0"
        >
          <thead
            class="[&>tr]:first:rounded-lg"
            role="rowgroup"
          >
            <tr
              class="group outline-none data-[focus-visible=true]:z-10 data-[focus-visible=true]:outline-2 data-[focus-visible=true]:outline-focus data-[focus-visible=true]:outline-offset-2"
              role="row"
            >
              <th
                aria-hidden="false"
                class="group h-10 align-middle whitespace-nowrap text-foreground-500 text-tiny rtl:first:rounded-r-lg rtl:first:rounded-l-[unset] rtl:last:rounded-l-lg rtl:last:rounded-r-[unset] data-[sortable=true]:cursor-pointer data-[hover=true]:text-foreground-400 outline-none data-[focus-visible=true]:z-10 data-[focus-visible=true]:outline-2 data-[focus-visible=true]:outline-focus data-[focus-visible=true]:outline-offset-2 text-start first:rounded-l-none last:rounded-r-none py-0 cursor-pointer font-normal bg-gray-50 dark:bg-gray-600 px-[17px]"
                data-key="fullName0"
                data-testid="sort-btn"
                id="react-aria-:r0:-fullName0"
                role="columnheader"
                tabindex="-1"
              >
                <div
                  class="flex items-center gap-2"
                >
                  Name
                  <svg
                    fill="currentColor"
                    height="1em"
                    stroke="currentColor"
                    stroke-width="0"
                    viewBox="0 0 512 512"
                    width="1em"
                    xmlns="http://www.w3.org/2000/svg"
                  >
                    <path
                      d="m98 190.06 139.78 163.12a24 24 0 0 0 36.44 0L414 190.06c13.34-15.57 2.28-39.62-18.22-39.62h-279.6c-20.5 0-31.56 24.05-18.18 39.62z"
                    />
                  </svg>
                </div>
              </th>
              <th
                aria-hidden="false"
                class="group h-10 align-middle whitespace-nowrap text-foreground-500 text-tiny rtl:first:rounded-r-lg rtl:first:rounded-l-[unset] rtl:last:rounded-l-lg rtl:last:rounded-r-[unset] data-[sortable=true]:cursor-pointer data-[hover=true]:text-foreground-400 outline-none data-[focus-visible=true]:z-10 data-[focus-visible=true]:outline-2 data-[focus-visible=true]:outline-focus data-[focus-visible=true]:outline-offset-2 text-start first:rounded-l-none last:rounded-r-none py-0 cursor-pointer font-normal bg-gray-50 dark:bg-gray-600 px-[17px]"
                data-key="email1"
                data-testid="sort-btn"
                id="react-aria-:r0:-email1"
                role="columnheader"
                tabindex="-1"
              >
                <div
                  class="flex items-center gap-2"
                >
                  Email
                  <svg
                    fill="currentColor"
                    height="1em"
                    stroke="currentColor"
                    stroke-width="0"
                    viewBox="0 0 512 512"
                    width="1em"
                    xmlns="http://www.w3.org/2000/svg"
                  >
                    <path
                      d="m98 190.06 139.78 163.12a24 24 0 0 0 36.44 0L414 190.06c13.34-15.57 2.28-39.62-18.22-39.62h-279.6c-20.5 0-31.56 24.05-18.18 39.62z"
                    />
                  </svg>
                </div>
              </th>
              <th
                aria-hidden="false"
                class="group h-10 align-middle whitespace-nowrap text-foreground-500 text-tiny rtl:first:rounded-r-lg rtl:first:rounded-l-[unset] rtl:last:rounded-l-lg rtl:last:rounded-r-[unset] data-[sortable=true]:cursor-pointer data-[hover=true]:text-foreground-400 outline-none data-[focus-visible=true]:z-10 data-[focus-visible=true]:outline-2 data-[focus-visible=true]:outline-focus data-[focus-visible=true]:outline-offset-2 text-start first:rounded-l-none last:rounded-r-none py-0 cursor-pointer font-normal bg-gray-50 dark:bg-gray-600 px-[17px]"
                data-key="phone2"
                data-testid="sort-btn"
                id="react-aria-:r0:-phone2"
                role="columnheader"
                tabindex="-1"
              >
                <div
                  class="flex items-center gap-2"
                >
                  Phone Number
                  <svg
                    fill="currentColor"
                    height="1em"
                    stroke="currentColor"
                    stroke-width="0"
                    viewBox="0 0 512 512"
                    width="1em"
                    xmlns="http://www.w3.org/2000/svg"
                  >
                    <path
                      d="m98 190.06 139.78 163.12a24 24 0 0 0 36.44 0L414 190.06c13.34-15.57 2.28-39.62-18.22-39.62h-279.6c-20.5 0-31.56 24.05-18.18 39.62z"
                    />
                  </svg>
                </div>
              </th>
              <th
                aria-hidden="false"
                class="group h-10 align-middle whitespace-nowrap text-foreground-500 text-tiny rtl:first:rounded-r-lg rtl:first:rounded-l-[unset] rtl:last:rounded-l-lg rtl:last:rounded-r-[unset] data-[sortable=true]:cursor-pointer data-[hover=true]:text-foreground-400 outline-none data-[focus-visible=true]:z-10 data-[focus-visible=true]:outline-2 data-[focus-visible=true]:outline-focus data-[focus-visible=true]:outline-offset-2 text-start first:rounded-l-none last:rounded-r-none py-0 cursor-pointer font-normal bg-gray-50 dark:bg-gray-600 px-[17px]"
                data-key="gender3"
                data-testid="sort-btn"
                id="react-aria-:r0:-gender3"
                role="columnheader"
                tabindex="-1"
              >
                <div
                  class="flex items-center gap-2"
                >
                  Gender
                  <svg
                    fill="currentColor"
                    height="1em"
                    stroke="currentColor"
                    stroke-width="0"
                    viewBox="0 0 512 512"
                    width="1em"
                    xmlns="http://www.w3.org/2000/svg"
                  >
                    <path
                      d="m98 190.06 139.78 163.12a24 24 0 0 0 36.44 0L414 190.06c13.34-15.57 2.28-39.62-18.22-39.62h-279.6c-20.5 0-31.56 24.05-18.18 39.62z"
                    />
                  </svg>
                </div>
              </th>
            </tr>
            <tr
              aria-hidden="true"
              class="w-px h-px block"
              style="margin-left: 0.25rem; margin-top: 0.25rem;"
              tabindex="-1"
            />
          </thead>
          <tbody
            role="rowgroup"
          >
            <tr
              aria-labelledby="react-aria-:r0:-1-fullName0"
              class="group outline-none data-[focus-visible=true]:z-10 data-[focus-visible=true]:outline-2 data-[focus-visible=true]:outline-focus data-[focus-visible=true]:outline-offset-2 bg-white dark:bg-gray-400"
              data-first="true"
              data-id="1"
              data-key="1"
              role="row"
              tabindex="-1"
            >
              <td
                class="relative align-middle whitespace-normal font-normal [&>*]:z-1 [&>*]:relative outline-none data-[focus-visible=true]:z-10 data-[focus-visible=true]:outline-2 data-[focus-visible=true]:outline-focus data-[focus-visible=true]:outline-offset-2 before:content-[''] before:absolute before:z-0 before:inset-0 before:opacity-0 data-[selected=true]:before:opacity-100 group-data-[disabled=true]:text-foreground-300 group-data-[disabled=true]:cursor-not-allowed before:bg-default/60 data-[selected=true]:text-default-foreground first:before:rounded-l-lg rtl:first:before:rounded-r-lg rtl:first:before:rounded-l-[unset] last:before:rounded-r-lg rtl:last:before:rounded-l-lg rtl:last:before:rounded-r-[unset] text-start first:rounded-l-lg first:group-data-[middle=true]:before:rounded-l-lg last:rounded-r-lg last:group-data-[middle=true]:before:rounded-r-lg text-[10px] sm:text-[14px] leading-[18px] py-[17px] px-[17px]"
                data-key="fullName-table-cell-0"
                id="react-aria-:r0:-1-fullName0"
                role="rowheader"
                tabindex="-1"
              >
                <div
                  class="flex gap-3.5 items-center h-[40px]"
                >
                  <div
                    class="w-[40px] h-[40px] relative"
                  >
                    <img
                      alt="customer avatar"
                      class="opacity-0 rounded-full h-full object-cover"
                      data-nimg="1"
                      decoding="async"
                      fetchpriority="high"
                      height="40"
                      src="http://localhost/"
                      style="color: transparent; background-size: cover; background-position: 50% 50%; background-repeat: no-repeat;"
                      width="40"
                    />
                    <div
                      class="group overflow-hidden bg-content3 dark:bg-content2 pointer-events-none before:opacity-100 before:absolute before:inset-0 before:-translate-x-full before:animate-[shimmer_2s_infinite] before:border-t before:border-content4/30 before:bg-gradient-to-r before:from-transparent before:via-content4 dark:before:via-default-700/10 before:to-transparent after:opacity-100 after:absolute after:inset-0 after:-z-10 after:bg-content3 dark:after:bg-content2 data-[loaded=true]:pointer-events-auto data-[loaded=true]:overflow-visible data-[loaded=true]:!bg-transparent data-[loaded=true]:before:opacity-0 data-[loaded=true]:before:animate-none data-[loaded=true]:after:opacity-0 transition-background !duration-300 before:transition-opacity before:!duration-300 rounded-full w-[40px] h-[40px] absolute top-0 bottom-0 left-0 right-0"
                    >
                      <div
                        class="opacity-0 group-data-[loaded=true]:opacity-100 transition-opacity motion-reduce:transition-none !duration-300"
                      />
                    </div>
                  </div>
                  <p
                    class="font-dm-sans text-blue-800 dark:text-white text-md whitespace-nowrap overflow-hidden text-ellipsis max-w-[150px]"
                  >
                     
                  </p>
                </div>
              </td>
              <td
                class="relative align-middle whitespace-normal font-normal [&>*]:z-1 [&>*]:relative outline-none data-[focus-visible=true]:z-10 data-[focus-visible=true]:outline-2 data-[focus-visible=true]:outline-focus data-[focus-visible=true]:outline-offset-2 before:content-[''] before:absolute before:z-0 before:inset-0 before:opacity-0 data-[selected=true]:before:opacity-100 group-data-[disabled=true]:text-foreground-300 group-data-[disabled=true]:cursor-not-allowed before:bg-default/60 data-[selected=true]:text-default-foreground first:before:rounded-l-lg rtl:first:before:rounded-r-lg rtl:first:before:rounded-l-[unset] last:before:rounded-r-lg rtl:last:before:rounded-l-lg rtl:last:before:rounded-r-[unset] text-start first:rounded-l-lg first:group-data-[middle=true]:before:rounded-l-lg last:rounded-r-lg last:group-data-[middle=true]:before:rounded-r-lg text-[10px] sm:text-[14px] leading-[18px] py-[17px] px-[17px]"
                data-key="email-table-cell-1"
                role="gridcell"
                tabindex="-1"
              >
                <div
                  class="flex gap-2.5 items-center"
                >
                  <a
                    href="mailto:"
                  >
                    <p
                      class="font-dm-sans text-blue-800 dark:text-white text-md whitespace-nowrap overflow-hidden text-ellipsis max-w-[150px]"
                    />
                  </a>
                </div>
              </td>
              <td
                class="relative align-middle whitespace-normal font-normal [&>*]:z-1 [&>*]:relative outline-none data-[focus-visible=true]:z-10 data-[focus-visible=true]:outline-2 data-[focus-visible=true]:outline-focus data-[focus-visible=true]:outline-offset-2 before:content-[''] before:absolute before:z-0 before:inset-0 before:opacity-0 data-[selected=true]:before:opacity-100 group-data-[disabled=true]:text-foreground-300 group-data-[disabled=true]:cursor-not-allowed before:bg-default/60 data-[selected=true]:text-default-foreground first:before:rounded-l-lg rtl:first:before:rounded-r-lg rtl:first:before:rounded-l-[unset] last:before:rounded-r-lg rtl:last:before:rounded-l-lg rtl:last:before:rounded-r-[unset] text-start first:rounded-l-lg first:group-data-[middle=true]:before:rounded-l-lg last:rounded-r-lg last:group-data-[middle=true]:before:rounded-r-lg text-[10px] sm:text-[14px] leading-[18px] py-[17px] px-[17px]"
                data-key="phone-table-cell-2"
                role="gridcell"
                tabindex="-1"
              >
                <a
                  href="tel:"
                >
                  <p
                    class="font-dm-sans text-blue-800 dark:text-white text-md whitespace-nowrap overflow-hidden text-ellipsis max-w-[150px]"
                  />
                </a>
              </td>
              <td
                class="relative align-middle whitespace-normal font-normal [&>*]:z-1 [&>*]:relative outline-none data-[focus-visible=true]:z-10 data-[focus-visible=true]:outline-2 data-[focus-visible=true]:outline-focus data-[focus-visible=true]:outline-offset-2 before:content-[''] before:absolute before:z-0 before:inset-0 before:opacity-0 data-[selected=true]:before:opacity-100 group-data-[disabled=true]:text-foreground-300 group-data-[disabled=true]:cursor-not-allowed before:bg-default/60 data-[selected=true]:text-default-foreground first:before:rounded-l-lg rtl:first:before:rounded-r-lg rtl:first:before:rounded-l-[unset] last:before:rounded-r-lg rtl:last:before:rounded-l-lg rtl:last:before:rounded-r-[unset] text-start first:rounded-l-lg first:group-data-[middle=true]:before:rounded-l-lg last:rounded-r-lg last:group-data-[middle=true]:before:rounded-r-lg text-[10px] sm:text-[14px] leading-[18px] py-[17px] px-[17px]"
                data-key="gender-table-cell-3"
                role="gridcell"
                tabindex="-1"
              >
                <div
                  class="relative max-w-fit min-w-min inline-flex items-center justify-between box-border whitespace-nowrap h-7 text-small text-default-foreground w-[100px] px-2 rounded-[20px] bg-teal-500/10 dark:bg-green-200"
                >
                  <span
                    class="flex-1 font-normal px-2 text-center text-md capitalize text-teal-650 dark:text-teal-300"
                  >
                    male
                  </span>
                </div>
              </td>
            </tr>
            <tr
              aria-labelledby="react-aria-:r0:-2-fullName0"
              class="group outline-none data-[focus-visible=true]:z-10 data-[focus-visible=true]:outline-2 data-[focus-visible=true]:outline-focus data-[focus-visible=true]:outline-offset-2 bg-white dark:bg-gray-400"
              data-id="2"
              data-key="2"
              data-middle="true"
              data-odd="true"
              role="row"
              tabindex="-1"
            >
              <td
                class="relative align-middle whitespace-normal font-normal [&>*]:z-1 [&>*]:relative outline-none data-[focus-visible=true]:z-10 data-[focus-visible=true]:outline-2 data-[focus-visible=true]:outline-focus data-[focus-visible=true]:outline-offset-2 before:content-[''] before:absolute before:z-0 before:inset-0 before:opacity-0 data-[selected=true]:before:opacity-100 group-data-[disabled=true]:text-foreground-300 group-data-[disabled=true]:cursor-not-allowed before:bg-default/60 data-[selected=true]:text-default-foreground first:before:rounded-l-lg rtl:first:before:rounded-r-lg rtl:first:before:rounded-l-[unset] last:before:rounded-r-lg rtl:last:before:rounded-l-lg rtl:last:before:rounded-r-[unset] text-start first:rounded-l-lg first:group-data-[middle=true]:before:rounded-l-lg last:rounded-r-lg last:group-data-[middle=true]:before:rounded-r-lg text-[10px] sm:text-[14px] leading-[18px] py-[17px] px-[17px]"
                data-key="fullName-table-cell-0"
                id="react-aria-:r0:-2-fullName0"
                role="rowheader"
                tabindex="-1"
              >
                <div
                  class="flex gap-3.5 items-center h-[40px]"
                >
                  <div
                    class="w-[40px] h-[40px] relative"
                  >
                    <img
                      alt="customer avatar"
                      class="opacity-0 rounded-full h-full object-cover"
                      data-nimg="1"
                      decoding="async"
                      fetchpriority="high"
                      height="40"
                      src="http://localhost/"
                      style="color: transparent; background-size: cover; background-position: 50% 50%; background-repeat: no-repeat;"
                      width="40"
                    />
                    <div
                      class="group overflow-hidden bg-content3 dark:bg-content2 pointer-events-none before:opacity-100 before:absolute before:inset-0 before:-translate-x-full before:animate-[shimmer_2s_infinite] before:border-t before:border-content4/30 before:bg-gradient-to-r before:from-transparent before:via-content4 dark:before:via-default-700/10 before:to-transparent after:opacity-100 after:absolute after:inset-0 after:-z-10 after:bg-content3 dark:after:bg-content2 data-[loaded=true]:pointer-events-auto data-[loaded=true]:overflow-visible data-[loaded=true]:!bg-transparent data-[loaded=true]:before:opacity-0 data-[loaded=true]:before:animate-none data-[loaded=true]:after:opacity-0 transition-background !duration-300 before:transition-opacity before:!duration-300 rounded-full w-[40px] h-[40px] absolute top-0 bottom-0 left-0 right-0"
                    >
                      <div
                        class="opacity-0 group-data-[loaded=true]:opacity-100 transition-opacity motion-reduce:transition-none !duration-300"
                      />
                    </div>
                  </div>
                  <p
                    class="font-dm-sans text-blue-800 dark:text-white text-md whitespace-nowrap overflow-hidden text-ellipsis max-w-[150px]"
                  >
                     
                  </p>
                </div>
              </td>
              <td
                class="relative align-middle whitespace-normal font-normal [&>*]:z-1 [&>*]:relative outline-none data-[focus-visible=true]:z-10 data-[focus-visible=true]:outline-2 data-[focus-visible=true]:outline-focus data-[focus-visible=true]:outline-offset-2 before:content-[''] before:absolute before:z-0 before:inset-0 before:opacity-0 data-[selected=true]:before:opacity-100 group-data-[disabled=true]:text-foreground-300 group-data-[disabled=true]:cursor-not-allowed before:bg-default/60 data-[selected=true]:text-default-foreground first:before:rounded-l-lg rtl:first:before:rounded-r-lg rtl:first:before:rounded-l-[unset] last:before:rounded-r-lg rtl:last:before:rounded-l-lg rtl:last:before:rounded-r-[unset] text-start first:rounded-l-lg first:group-data-[middle=true]:before:rounded-l-lg last:rounded-r-lg last:group-data-[middle=true]:before:rounded-r-lg text-[10px] sm:text-[14px] leading-[18px] py-[17px] px-[17px]"
                data-key="email-table-cell-1"
                role="gridcell"
                tabindex="-1"
              >
                <div
                  class="flex gap-2.5 items-center"
                >
                  <a
                    href="mailto:"
                  >
                    <p
                      class="font-dm-sans text-blue-800 dark:text-white text-md whitespace-nowrap overflow-hidden text-ellipsis max-w-[150px]"
                    />
                  </a>
                </div>
              </td>
              <td
                class="relative align-middle whitespace-normal font-normal [&>*]:z-1 [&>*]:relative outline-none data-[focus-visible=true]:z-10 data-[focus-visible=true]:outline-2 data-[focus-visible=true]:outline-focus data-[focus-visible=true]:outline-offset-2 before:content-[''] before:absolute before:z-0 before:inset-0 before:opacity-0 data-[selected=true]:before:opacity-100 group-data-[disabled=true]:text-foreground-300 group-data-[disabled=true]:cursor-not-allowed before:bg-default/60 data-[selected=true]:text-default-foreground first:before:rounded-l-lg rtl:first:before:rounded-r-lg rtl:first:before:rounded-l-[unset] last:before:rounded-r-lg rtl:last:before:rounded-l-lg rtl:last:before:rounded-r-[unset] text-start first:rounded-l-lg first:group-data-[middle=true]:before:rounded-l-lg last:rounded-r-lg last:group-data-[middle=true]:before:rounded-r-lg text-[10px] sm:text-[14px] leading-[18px] py-[17px] px-[17px]"
                data-key="phone-table-cell-2"
                role="gridcell"
                tabindex="-1"
              >
                <a
                  href="tel:"
                >
                  <p
                    class="font-dm-sans text-blue-800 dark:text-white text-md whitespace-nowrap overflow-hidden text-ellipsis max-w-[150px]"
                  />
                </a>
              </td>
              <td
                class="relative align-middle whitespace-normal font-normal [&>*]:z-1 [&>*]:relative outline-none data-[focus-visible=true]:z-10 data-[focus-visible=true]:outline-2 data-[focus-visible=true]:outline-focus data-[focus-visible=true]:outline-offset-2 before:content-[''] before:absolute before:z-0 before:inset-0 before:opacity-0 data-[selected=true]:before:opacity-100 group-data-[disabled=true]:text-foreground-300 group-data-[disabled=true]:cursor-not-allowed before:bg-default/60 data-[selected=true]:text-default-foreground first:before:rounded-l-lg rtl:first:before:rounded-r-lg rtl:first:before:rounded-l-[unset] last:before:rounded-r-lg rtl:last:before:rounded-l-lg rtl:last:before:rounded-r-[unset] text-start first:rounded-l-lg first:group-data-[middle=true]:before:rounded-l-lg last:rounded-r-lg last:group-data-[middle=true]:before:rounded-r-lg text-[10px] sm:text-[14px] leading-[18px] py-[17px] px-[17px]"
                data-key="gender-table-cell-3"
                role="gridcell"
                tabindex="-1"
              >
                <div
                  class="relative max-w-fit min-w-min inline-flex items-center justify-between box-border whitespace-nowrap h-7 text-small text-default-foreground w-[100px] px-2 rounded-[20px] bg-teal-500/10 dark:bg-green-200"
                >
                  <span
                    class="flex-1 font-normal px-2 text-center text-md capitalize text-teal-650 dark:text-teal-300"
                  >
                    male
                  </span>
                </div>
              </td>
            </tr>
            <tr
              aria-labelledby="react-aria-:r0:-3-fullName0"
              class="group outline-none data-[focus-visible=true]:z-10 data-[focus-visible=true]:outline-2 data-[focus-visible=true]:outline-focus data-[focus-visible=true]:outline-offset-2 bg-white dark:bg-gray-400"
              data-id="3"
              data-key="3"
              data-last="true"
              role="row"
              tabindex="-1"
            >
              <td
                class="relative align-middle whitespace-normal font-normal [&>*]:z-1 [&>*]:relative outline-none data-[focus-visible=true]:z-10 data-[focus-visible=true]:outline-2 data-[focus-visible=true]:outline-focus data-[focus-visible=true]:outline-offset-2 before:content-[''] before:absolute before:z-0 before:inset-0 before:opacity-0 data-[selected=true]:before:opacity-100 group-data-[disabled=true]:text-foreground-300 group-data-[disabled=true]:cursor-not-allowed before:bg-default/60 data-[selected=true]:text-default-foreground first:before:rounded-l-lg rtl:first:before:rounded-r-lg rtl:first:before:rounded-l-[unset] last:before:rounded-r-lg rtl:last:before:rounded-l-lg rtl:last:before:rounded-r-[unset] text-start first:rounded-l-lg first:group-data-[middle=true]:before:rounded-l-lg last:rounded-r-lg last:group-data-[middle=true]:before:rounded-r-lg text-[10px] sm:text-[14px] leading-[18px] py-[17px] px-[17px]"
                data-key="fullName-table-cell-0"
                id="react-aria-:r0:-3-fullName0"
                role="rowheader"
                tabindex="-1"
              >
                <div
                  class="flex gap-3.5 items-center h-[40px]"
                >
                  <div
                    class="w-[40px] h-[40px] relative"
                  >
                    <img
                      alt="customer avatar"
                      class="opacity-0 rounded-full h-full object-cover"
                      data-nimg="1"
                      decoding="async"
                      fetchpriority="high"
                      height="40"
                      src="http://localhost/"
                      style="color: transparent; background-size: cover; background-position: 50% 50%; background-repeat: no-repeat;"
                      width="40"
                    />
                    <div
                      class="group overflow-hidden bg-content3 dark:bg-content2 pointer-events-none before:opacity-100 before:absolute before:inset-0 before:-translate-x-full before:animate-[shimmer_2s_infinite] before:border-t before:border-content4/30 before:bg-gradient-to-r before:from-transparent before:via-content4 dark:before:via-default-700/10 before:to-transparent after:opacity-100 after:absolute after:inset-0 after:-z-10 after:bg-content3 dark:after:bg-content2 data-[loaded=true]:pointer-events-auto data-[loaded=true]:overflow-visible data-[loaded=true]:!bg-transparent data-[loaded=true]:before:opacity-0 data-[loaded=true]:before:animate-none data-[loaded=true]:after:opacity-0 transition-background !duration-300 before:transition-opacity before:!duration-300 rounded-full w-[40px] h-[40px] absolute top-0 bottom-0 left-0 right-0"
                    >
                      <div
                        class="opacity-0 group-data-[loaded=true]:opacity-100 transition-opacity motion-reduce:transition-none !duration-300"
                      />
                    </div>
                  </div>
                  <p
                    class="font-dm-sans text-blue-800 dark:text-white text-md whitespace-nowrap overflow-hidden text-ellipsis max-w-[150px]"
                  >
                     
                  </p>
                </div>
              </td>
              <td
                class="relative align-middle whitespace-normal font-normal [&>*]:z-1 [&>*]:relative outline-none data-[focus-visible=true]:z-10 data-[focus-visible=true]:outline-2 data-[focus-visible=true]:outline-focus data-[focus-visible=true]:outline-offset-2 before:content-[''] before:absolute before:z-0 before:inset-0 before:opacity-0 data-[selected=true]:before:opacity-100 group-data-[disabled=true]:text-foreground-300 group-data-[disabled=true]:cursor-not-allowed before:bg-default/60 data-[selected=true]:text-default-foreground first:before:rounded-l-lg rtl:first:before:rounded-r-lg rtl:first:before:rounded-l-[unset] last:before:rounded-r-lg rtl:last:before:rounded-l-lg rtl:last:before:rounded-r-[unset] text-start first:rounded-l-lg first:group-data-[middle=true]:before:rounded-l-lg last:rounded-r-lg last:group-data-[middle=true]:before:rounded-r-lg text-[10px] sm:text-[14px] leading-[18px] py-[17px] px-[17px]"
                data-key="email-table-cell-1"
                role="gridcell"
                tabindex="-1"
              >
                <div
                  class="flex gap-2.5 items-center"
                >
                  <a
                    href="mailto:"
                  >
                    <p
                      class="font-dm-sans text-blue-800 dark:text-white text-md whitespace-nowrap overflow-hidden text-ellipsis max-w-[150px]"
                    />
                  </a>
                </div>
              </td>
              <td
                class="relative align-middle whitespace-normal font-normal [&>*]:z-1 [&>*]:relative outline-none data-[focus-visible=true]:z-10 data-[focus-visible=true]:outline-2 data-[focus-visible=true]:outline-focus data-[focus-visible=true]:outline-offset-2 before:content-[''] before:absolute before:z-0 before:inset-0 before:opacity-0 data-[selected=true]:before:opacity-100 group-data-[disabled=true]:text-foreground-300 group-data-[disabled=true]:cursor-not-allowed before:bg-default/60 data-[selected=true]:text-default-foreground first:before:rounded-l-lg rtl:first:before:rounded-r-lg rtl:first:before:rounded-l-[unset] last:before:rounded-r-lg rtl:last:before:rounded-l-lg rtl:last:before:rounded-r-[unset] text-start first:rounded-l-lg first:group-data-[middle=true]:before:rounded-l-lg last:rounded-r-lg last:group-data-[middle=true]:before:rounded-r-lg text-[10px] sm:text-[14px] leading-[18px] py-[17px] px-[17px]"
                data-key="phone-table-cell-2"
                role="gridcell"
                tabindex="-1"
              >
                <a
                  href="tel:"
                >
                  <p
                    class="font-dm-sans text-blue-800 dark:text-white text-md whitespace-nowrap overflow-hidden text-ellipsis max-w-[150px]"
                  />
                </a>
              </td>
              <td
                class="relative align-middle whitespace-normal font-normal [&>*]:z-1 [&>*]:relative outline-none data-[focus-visible=true]:z-10 data-[focus-visible=true]:outline-2 data-[focus-visible=true]:outline-focus data-[focus-visible=true]:outline-offset-2 before:content-[''] before:absolute before:z-0 before:inset-0 before:opacity-0 data-[selected=true]:before:opacity-100 group-data-[disabled=true]:text-foreground-300 group-data-[disabled=true]:cursor-not-allowed before:bg-default/60 data-[selected=true]:text-default-foreground first:before:rounded-l-lg rtl:first:before:rounded-r-lg rtl:first:before:rounded-l-[unset] last:before:rounded-r-lg rtl:last:before:rounded-l-lg rtl:last:before:rounded-r-[unset] text-start first:rounded-l-lg first:group-data-[middle=true]:before:rounded-l-lg last:rounded-r-lg last:group-data-[middle=true]:before:rounded-r-lg text-[10px] sm:text-[14px] leading-[18px] py-[17px] px-[17px]"
                data-key="gender-table-cell-3"
                role="gridcell"
                tabindex="-1"
              >
                <div
                  class="relative max-w-fit min-w-min inline-flex items-center justify-between box-border whitespace-nowrap h-7 text-small text-default-foreground w-[100px] px-2 rounded-[20px] bg-teal-500/10 dark:bg-green-200"
                >
                  <span
                    class="flex-1 font-normal px-2 text-center text-md capitalize text-teal-650 dark:text-teal-300"
                  >
                    male
                  </span>
                </div>
              </td>
            </tr>
          </tbody>
        </table>
      </div>
    </div>
  </div>
</div>
`;
