// Jest Snapshot v1, https://goo.gl/fbAQLP

exports[`CustomToolBar should match snapshot with month 1`] = `
<div>
  <div
    data-overlay-container="true"
  >
    <script>
      !function(){try{var d=document.documentElement,c=d.classList;c.remove('light','dark');var e=localStorage.getItem('theme');if('system'===e||(!e&&false)){var t='(prefers-color-scheme: dark)',m=window.matchMedia(t);if(m.media!==t||m.matches){d.style.colorScheme = 'dark';c.add('dark')}else{d.style.colorScheme = 'light';c.add('light')}}else if(e){c.add(e|| '')}else{c.add('light')}if(e==='light'||e==='dark'||!e)d.style.colorScheme=e||'light'}catch(e){}}()
    </script>
    <div
      class="mb-5 flex flex-col xl:flex-row justify-between items-start xl:items-center"
    >
      <h2
        aria-level="2"
        class="font-bold font-dm-sans text-blue-800 dark:text-white text-5xl mb-5 xl:mb-0"
      >
        Calendar
      </h2>
      <div
        class="flex gap-5"
      >
        <button
          class="z-0 group relative inline-flex items-center justify-center box-border appearance-none select-none whitespace-nowrap font-normal subpixel-antialiased overflow-hidden tap-highlight-transparent data-[pressed=true]:scale-[0.97] outline-none data-[focus-visible=true]:z-10 data-[focus-visible=true]:outline-2 data-[focus-visible=true]:outline-focus data-[focus-visible=true]:outline-offset-2 gap-2 [&>svg]:max-w-[theme(spacing.8)] transition-transform-colors-opacity motion-reduce:transition-none data-[hover=true]:opacity-hover border-transparent hover:bg-blue-100 px-5 pb-2.5 pt-[11px] sm:px-5 sm:pb-2.5 sm:pt-[11px] text-md rounded-[10px] border-[1px] h-auto min-w-max bg-blue-500/5 text-blue-800/70 dark:text-white dark:bg-purple-600/30"
          type="button"
        >
          <div
            class="flex items-center"
          >
            Day
          </div>
        </button>
        <button
          class="z-0 group relative inline-flex items-center justify-center box-border appearance-none select-none whitespace-nowrap font-normal subpixel-antialiased overflow-hidden tap-highlight-transparent data-[pressed=true]:scale-[0.97] outline-none data-[focus-visible=true]:z-10 data-[focus-visible=true]:outline-2 data-[focus-visible=true]:outline-focus data-[focus-visible=true]:outline-offset-2 gap-2 [&>svg]:max-w-[theme(spacing.8)] transition-transform-colors-opacity motion-reduce:transition-none data-[hover=true]:opacity-hover border-transparent hover:bg-blue-100 px-5 pb-2.5 pt-[11px] text-md rounded-[10px] border-[1px] h-auto min-w-max bg-blue-500/5 text-blue-800/70 dark:text-white dark:bg-purple-600/30"
          type="button"
        >
          <div
            class="flex items-center"
          >
            Week
          </div>
        </button>
        <button
          class="z-0 group relative inline-flex items-center justify-center box-border appearance-none select-none whitespace-nowrap font-normal subpixel-antialiased overflow-hidden tap-highlight-transparent data-[pressed=true]:scale-[0.97] outline-none data-[focus-visible=true]:z-10 data-[focus-visible=true]:outline-2 data-[focus-visible=true]:outline-focus data-[focus-visible=true]:outline-offset-2 gap-2 [&>svg]:max-w-[theme(spacing.8)] transition-transform-colors-opacity motion-reduce:transition-none data-[hover=true]:opacity-hover border-transparent dark:bg-purple-600 text-white hover:bg-blue-100 px-5 pb-2.5 pt-[11px] text-md rounded-[10px] border-[1px] h-auto min-w-max bg-blue-500"
          type="button"
        >
          <div
            class="flex items-center"
          >
            Month
          </div>
        </button>
      </div>
    </div>
    <div
      class="mb-5 flex pl-[15px] pr-[21px] py-[15px] rounded-tl-[10px] rounded-tr-[10px] bg-white justify-between dark:bg-gray-400"
    >
      <p
        class="font-dm-sans text-blue-800 dark:text-white text-md"
      >
        test
      </p>
      <div
        class="flex gap-[15px] justify-between"
      >
        <svg
          class="text-blue-800/50 cursor-pointer dark:text-white/50"
          fill="currentColor"
          height="1em"
          stroke="currentColor"
          stroke-width="0"
          viewBox="0 0 192 512"
          width="1em"
          xmlns="http://www.w3.org/2000/svg"
        >
          <path
            d="M192 127.338v257.324c0 17.818-21.543 26.741-34.142 14.142L29.196 270.142c-7.81-7.81-7.81-20.474 0-28.284l128.662-128.662c12.599-12.6 34.142-3.676 34.142 14.142z"
          />
        </svg>
        <svg
          class="text-blue-800/50 cursor-pointer dark:text-white/50"
          fill="currentColor"
          height="1em"
          stroke="currentColor"
          stroke-width="0"
          viewBox="0 0 192 512"
          width="1em"
          xmlns="http://www.w3.org/2000/svg"
        >
          <path
            d="M0 384.662V127.338c0-17.818 21.543-26.741 34.142-14.142l128.662 128.662c7.81 7.81 7.81 20.474 0 28.284L34.142 398.804C21.543 411.404 0 402.48 0 384.662z"
          />
        </svg>
      </div>
    </div>
  </div>
</div>
`;

exports[`CustomToolBar should match snapshot with week 1`] = `
<div>
  <div
    data-overlay-container="true"
  >
    <script>
      !function(){try{var d=document.documentElement,c=d.classList;c.remove('light','dark');var e=localStorage.getItem('theme');if('system'===e||(!e&&false)){var t='(prefers-color-scheme: dark)',m=window.matchMedia(t);if(m.media!==t||m.matches){d.style.colorScheme = 'dark';c.add('dark')}else{d.style.colorScheme = 'light';c.add('light')}}else if(e){c.add(e|| '')}else{c.add('light')}if(e==='light'||e==='dark'||!e)d.style.colorScheme=e||'light'}catch(e){}}()
    </script>
    <div
      class="mb-5 flex flex-col xl:flex-row justify-between items-start xl:items-center"
    >
      <h2
        aria-level="2"
        class="font-bold font-dm-sans text-blue-800 dark:text-white text-5xl mb-5 xl:mb-0"
      >
        Calendar
      </h2>
      <div
        class="flex gap-5"
      >
        <button
          class="z-0 group relative inline-flex items-center justify-center box-border appearance-none select-none whitespace-nowrap font-normal subpixel-antialiased overflow-hidden tap-highlight-transparent data-[pressed=true]:scale-[0.97] outline-none data-[focus-visible=true]:z-10 data-[focus-visible=true]:outline-2 data-[focus-visible=true]:outline-focus data-[focus-visible=true]:outline-offset-2 gap-2 [&>svg]:max-w-[theme(spacing.8)] transition-transform-colors-opacity motion-reduce:transition-none data-[hover=true]:opacity-hover border-transparent hover:bg-blue-100 px-5 pb-2.5 pt-[11px] sm:px-5 sm:pb-2.5 sm:pt-[11px] text-md rounded-[10px] border-[1px] h-auto min-w-max bg-blue-500/5 text-blue-800/70 dark:text-white dark:bg-purple-600/30"
          type="button"
        >
          <div
            class="flex items-center"
          >
            Day
          </div>
        </button>
        <button
          class="z-0 group relative inline-flex items-center justify-center box-border appearance-none select-none whitespace-nowrap font-normal subpixel-antialiased overflow-hidden tap-highlight-transparent data-[pressed=true]:scale-[0.97] outline-none data-[focus-visible=true]:z-10 data-[focus-visible=true]:outline-2 data-[focus-visible=true]:outline-focus data-[focus-visible=true]:outline-offset-2 gap-2 [&>svg]:max-w-[theme(spacing.8)] transition-transform-colors-opacity motion-reduce:transition-none data-[hover=true]:opacity-hover border-transparent dark:bg-purple-600 text-white hover:bg-blue-100 px-5 pb-2.5 pt-[11px] text-md rounded-[10px] border-[1px] h-auto min-w-max bg-blue-500"
          type="button"
        >
          <div
            class="flex items-center"
          >
            Week
          </div>
        </button>
        <button
          class="z-0 group relative inline-flex items-center justify-center box-border appearance-none select-none whitespace-nowrap font-normal subpixel-antialiased overflow-hidden tap-highlight-transparent data-[pressed=true]:scale-[0.97] outline-none data-[focus-visible=true]:z-10 data-[focus-visible=true]:outline-2 data-[focus-visible=true]:outline-focus data-[focus-visible=true]:outline-offset-2 gap-2 [&>svg]:max-w-[theme(spacing.8)] transition-transform-colors-opacity motion-reduce:transition-none data-[hover=true]:opacity-hover border-transparent hover:bg-blue-100 px-5 pb-2.5 pt-[11px] text-md rounded-[10px] border-[1px] h-auto min-w-max bg-blue-500/5 text-blue-800/70 dark:text-white dark:bg-purple-600/30"
          type="button"
        >
          <div
            class="flex items-center"
          >
            Month
          </div>
        </button>
      </div>
    </div>
    <div
      class="mb-5 flex pl-[15px] pr-[21px] py-[15px] rounded-tl-[10px] rounded-tr-[10px] bg-white justify-between dark:bg-gray-400"
    >
      <p
        class="font-dm-sans text-blue-800 dark:text-white text-md"
      >
        test
      </p>
      <div
        class="flex gap-[15px] justify-between"
      >
        <svg
          class="text-blue-800/50 cursor-pointer dark:text-white/50"
          fill="currentColor"
          height="1em"
          stroke="currentColor"
          stroke-width="0"
          viewBox="0 0 192 512"
          width="1em"
          xmlns="http://www.w3.org/2000/svg"
        >
          <path
            d="M192 127.338v257.324c0 17.818-21.543 26.741-34.142 14.142L29.196 270.142c-7.81-7.81-7.81-20.474 0-28.284l128.662-128.662c12.599-12.6 34.142-3.676 34.142 14.142z"
          />
        </svg>
        <svg
          class="text-blue-800/50 cursor-pointer dark:text-white/50"
          fill="currentColor"
          height="1em"
          stroke="currentColor"
          stroke-width="0"
          viewBox="0 0 192 512"
          width="1em"
          xmlns="http://www.w3.org/2000/svg"
        >
          <path
            d="M0 384.662V127.338c0-17.818 21.543-26.741 34.142-14.142l128.662 128.662c7.81 7.81 7.81 20.474 0 28.284L34.142 398.804C21.543 411.404 0 402.48 0 384.662z"
          />
        </svg>
      </div>
    </div>
  </div>
</div>
`;
